
wolni@WINDOWS-TKT4G7S MINGW64 ~
$ cd project01

wolni@WINDOWS-TKT4G7S MINGW64 ~/project01 (master)
$ git status
On branch master
Untracked files:
  (use "git add <file>..." to include in what will be committed)

        repository01/

nothing added to commit but untracked files present (use "git add" to track)

wolni@WINDOWS-TKT4G7S MINGW64 ~/project01 (master)
$ git add firstfile.txt
fatal: pathspec 'firstfile.txt' did not match any files

wolni@WINDOWS-TKT4G7S MINGW64 ~/project01 (master)
$ git add -A
warning: adding embedded git repository: repository01
hint: You've added another git repository inside your current repository.
hint: Clones of the outer repository will not contain the contents of
hint: the embedded repository and will not know how to obtain it.
hint: If you meant to add a submodule, use:
hint:
hint:   git submodule add <url> repository01
hint:
hint: If you added this path by mistake, you can remove it from the
hint: index with:
hint:
hint:   git rm --cached repository01
hint:
hint: See "git help submodule" for more information.

wolni@WINDOWS-TKT4G7S MINGW64 ~/project01 (master)
$ cd repository01

wolni@WINDOWS-TKT4G7S MINGW64 ~/project01/repository01 (master)
$ git add firstfile.txt

wolni@WINDOWS-TKT4G7S MINGW64 ~/project01/repository01 (master)
$ git status
On branch master
Your branch is up to date with 'origin/master'.

Changes to be committed:
  (use "git reset HEAD <file>..." to unstage)

        new file:   firstfile.txt


wolni@WINDOWS-TKT4G7S MINGW64 ~/project01/repository01 (master)
$ git commit -m "adding new file firstfile.txt"
[master e244eb4] adding new file firstfile.txt
 1 file changed, 0 insertions(+), 0 deletions(-)
 create mode 100644 firstfile.txt

wolni@WINDOWS-TKT4G7S MINGW64 ~/project01/repository01 (master)
$ git push
Warning: Permanently added the RSA host key for IP address '140.82.118.4' to the list of known hosts.
Enumerating objects: 4, done.
Counting objects: 100% (4/4), done.
Delta compression using up to 4 threads
Compressing objects: 100% (2/2), done.
Writing objects: 100% (3/3), 330 bytes | 330.00 KiB/s, done.
Total 3 (delta 0), reused 0 (delta 0)
To github.com:bartwol/repository01.git
   93190ed..e244eb4  master -> master

wolni@WINDOWS-TKT4G7S MINGW64 ~/project01/repository01 (master)
$ cd repository01
